[2026-05-10 09:47:35] [*] Starting Douyin upload for: ENVY vs MIBR - HIGHLIGHTS _ VCT 2026_ Americas Stage 1
[2026-05-10 09:47:43] [*] Navigating to Douyin upload page...
[2026-05-10 09:47:48] [*] Locating and triggering upload...
[2026-05-10 09:47:53] [*] Uploading video file (this may take a while)...
[2026-05-10 09:47:53] [+] Upload detected as started.
[2026-05-10 09:47:55] [*] Found title input: div[contenteditable='true']
[2026-05-10 09:47:55] [*] Waiting for upload progress to reach 100%...
[2026-05-10 09:57:55] [-] Error: Video upload timed out or failed to reach 100%. Progress not detected.
[2026-05-10 19:33:09] [*] Starting Douyin upload for: BBL Esports vs GIANTX - HIGHLIGHTS _ VCT 2026_ EMEA Stage 1
[2026-05-10 19:33:10] [*] Navigating to Douyin upload page...
[2026-05-10 19:33:17] [*] Locating and triggering upload...
[2026-05-10 19:33:22] [*] Uploading video file (this may take a while)...
[2026-05-10 19:33:22] [+] Upload detected as started.
[2026-05-10 19:33:24] [*] Found title input: div[contenteditable='true']
[2026-05-10 19:33:24] [*] Waiting for upload progress to reach 100%...
[2026-05-10 19:39:42] [*] Starting Douyin upload for: T1 vs Rex Regum Qeon - HIGHLIGHTS - VCT 2026- Pacific Stage 1
[2026-05-10 19:39:43] [*] Navigating to Douyin upload page...
[2026-05-10 19:39:48] [*] Locating and triggering upload...
[2026-05-10 19:39:53] [*] Uploading video file (this may take a while)...
[2026-05-10 19:39:53] [+] Upload detected as started.
[2026-05-10 19:39:54] [*] Found title input: div[contenteditable='true']
[2026-05-10 19:39:54] [*] Waiting for upload progress to reach 100%...
[2026-05-10 19:49:54] [-] Error: Video upload timed out or failed to reach 100%. Progress not detected.
[2026-05-10 20:16:53] [*] Starting Douyin upload for: Cloud9 vs G2 Esports - HIGHLIGHTS _ VCT 2026_ Americas Stage 1
[2026-05-10 20:16:54] [*] Navigating to Douyin upload page...
[2026-05-10 20:16:58] [*] Locating and triggering upload...
[2026-05-10 20:17:03] [*] Uploading video file (this may take a while)...
[2026-05-10 20:17:03] [+] Upload detected as started.
[2026-05-10 20:17:04] [*] Found title input: div[contenteditable='true']
[2026-05-10 20:17:04] [*] Waiting for upload progress to reach 100%...
[2026-05-10 20:17:13] [-] Error: Video upload timed out or failed to reach 100%. Progress not detected.
[2026-05-10 20:17:50] [*] Starting Douyin upload for: T1 vs Rex Regum Qeon - HIGHLIGHTS - VCT 2026- Pacific Stage 1
[2026-05-10 20:17:51] [*] Navigating to Douyin upload page...
[2026-05-10 20:17:56] [*] Locating and triggering upload...
[2026-05-10 20:18:01] [*] Uploading video file (this may take a while)...
[2026-05-10 20:18:01] [+] Upload detected as started.
[2026-05-10 20:18:01] [*] Found title input: div[contenteditable='true']
[2026-05-10 20:18:01] [*] Waiting for upload progress to reach 100%...
[2026-05-10 20:28:02] [-] Error: Video upload timed out or failed to reach 100%. Progress not detected.
[2026-05-10 20:37:53] [*] Starting Douyin upload for: T1 vs Rex Regum Qeon - HIGHLIGHTS - VCT 2026- Pacific Stage 1
[2026-05-10 20:37:54] [*] Navigating to Douyin upload page...
[2026-05-10 20:38:00] [*] Locating and triggering upload...
[2026-05-10 20:38:05] [*] Uploading video file (this may take a while)...
[2026-05-10 20:38:05] [+] Upload detected as started.
[2026-05-10 20:38:06] [*] Found title input: div[contenteditable='true']
[2026-05-10 20:38:06] [*] Waiting for upload progress to reach 100%...
[2026-05-10 20:48:06] [!] Warning: 100% text not detected, but Publish button is visible. Continuing...
[2026-05-10 20:48:06] [*] Setting title...
[2026-05-10 20:48:11] [*] Attempting to set cover...
[2026-05-10 20:48:11] [*] Found cover button using selector: text=设置封面
[2026-05-10 20:48:21] [!] Warning: Could not set cover: Page.wait_for_selector: Timeout 10000ms exceeded.
Call log:
  - waiting for locator("text=上传封面") to be visible

[2026-05-10 20:48:24] [*] Publishing...
[2026-05-10 20:48:24] [+] Publish button enabled.
[2026-05-10 20:48:39] [+] Douyin upload likely successful (URL matched: https://creator.douyin.com/creator-micro/content/manage?enter_from=publish)
[2026-05-10 22:12:43] [*] Starting Douyin upload for: Paper Rex vs Kiwoom DRX - HIGHLIGHTS _ VCT 2026_ Pacific Stage 1
[2026-05-10 22:12:54] [*] Navigating to Douyin upload page...
[2026-05-10 22:12:59] [*] Locating and triggering upload...
[2026-05-10 22:13:04] [*] Video file selected. Starting data entry immediately...
[2026-05-10 22:13:04] [*] Setting title and cover immediately...
[2026-05-10 22:14:04] [-] Error: Video editor UI did not appear. Upload likely failed or was rejected.
[2026-05-10 22:15:05] [*] Starting Douyin upload for: Paper Rex vs Kiwoom DRX - HIGHLIGHTS _ VCT 2026_ Pacific Stage 1
[2026-05-10 22:15:06] [*] Navigating to Douyin upload page...
[2026-05-10 22:15:11] [*] Locating and triggering upload...
[2026-05-10 22:15:16] [*] Video file selected. Starting data entry immediately...
[2026-05-10 22:15:16] [*] Setting title and cover immediately...
[2026-05-10 22:15:21] [+] Title set.
[2026-05-10 22:15:21] [*] Attempting to click publish (will retry until enabled)...
[2026-05-10 22:15:22] [+] Publish button clicked!
[2026-05-10 22:15:22] [✅] Task submitted to browser. Leaving it OPEN to complete background upload...
[2026-05-10 22:16:00] [*] Starting Douyin upload for: Paper Rex vs Kiwoom DRX - HIGHLIGHTS _ VCT 2026_ Pacific Stage 1
[2026-05-10 22:16:01] [*] Navigating to Douyin upload page...
[2026-05-10 22:16:06] [*] Locating and triggering upload...
[2026-05-10 22:16:11] [*] Video file selected. Starting data entry immediately...
[2026-05-10 22:16:11] [*] Setting title and cover immediately...
[2026-05-10 22:16:16] [+] Title set.
[2026-05-10 22:16:16] [*] Attempting to set cover...
[2026-05-10 22:16:26] [!] Warning: Could not set cover: Page.wait_for_selector: Timeout 10000ms exceeded.
Call log:
  - waiting for locator("text=上传封面") to be visible

[2026-05-10 22:16:26] [*] Attempting to click publish (will retry until enabled)...
[2026-05-10 22:16:26] [+] Publish button clicked!
[2026-05-10 22:16:26] [✅] Task submitted to browser. Leaving it OPEN to complete background upload...
[2026-05-10 22:22:51] [-] Douyin upload failed: Page.wait_for_timeout: Target page, context or browser has been closed
[2026-05-10 23:23:20] [-] Douyin upload failed: Page.wait_for_timeout: Target page, context or browser has been closed
[2026-05-11 19:41:46] [*] Starting Douyin upload for: Leviatán vs LOUD - HIGHLIGHTS _ VCT 2026_ Americas Stage 1
[2026-05-11 19:41:58] [*] Navigating to Douyin upload page...
[2026-05-11 19:42:03] [*] Locating and triggering upload...
[2026-05-11 19:42:08] [*] Video file selected. Starting data entry immediately...
[2026-05-11 19:42:08] [*] Setting title and cover immediately...
[2026-05-11 19:43:08] [-] Error: Video editor UI did not appear. Upload likely failed or was rejected.
[2026-05-11 19:44:09] [*] Starting Douyin upload for: Leviatán vs LOUD - HIGHLIGHTS _ VCT 2026_ Americas Stage 1
[2026-05-11 19:44:10] [*] Navigating to Douyin upload page...
[2026-05-11 19:44:16] [*] Locating and triggering upload...
[2026-05-11 19:44:21] [*] Video file selected. Starting data entry immediately...
[2026-05-11 19:44:21] [*] Setting title and cover immediately...
[2026-05-11 19:45:21] [-] Error: Video editor UI did not appear. Upload likely failed or was rejected.
[2026-05-11 19:45:41] [*] Starting Douyin upload for: Leviatán vs LOUD - HIGHLIGHTS _ VCT 2026_ Americas Stage 1
[2026-05-11 19:45:43] [*] Navigating to Douyin upload page...
[2026-05-11 19:45:48] [*] Locating and triggering upload...
[2026-05-11 19:45:56] [*] Video file selected. Starting data entry immediately...
[2026-05-11 19:45:56] [*] Setting title and cover immediately...
[2026-05-11 19:46:02] [+] Title set.
[2026-05-11 19:46:02] [*] Attempting to set cover...
[2026-05-11 19:46:12] [!] Warning: Could not set cover: Page.wait_for_selector: Timeout 10000ms exceeded.
Call log:
  - waiting for locator("text=上传封面") to be visible

[2026-05-11 19:46:12] [*] Attempting to click publish (will retry until enabled)...
[2026-05-11 19:46:13] [+] Publish button clicked!
[2026-05-11 19:46:13] [✅] Task submitted to browser. Leaving it OPEN to complete background upload...
[2026-05-11 19:51:28] [*] Starting Douyin upload for: Sentinels vs NRG - HIGHLIGHTS _ VCT 2026_ Americas Stage 1
[2026-05-11 19:51:29] [*] Navigating to Douyin upload page...
[2026-05-11 19:51:36] [*] Locating and triggering upload...
[2026-05-11 19:51:41] [*] Video file selected. Starting data entry immediately...
[2026-05-11 19:51:41] [*] Setting title and cover immediately...
[2026-05-11 19:51:47] [+] Title set.
[2026-05-11 19:51:47] [*] Attempting to set cover...
[2026-05-11 19:51:57] [!] Warning: Could not set cover: Page.wait_for_selector: Timeout 10000ms exceeded.
Call log:
  - waiting for locator("text=上传封面") to be visible

[2026-05-11 19:51:57] [*] Attempting to click publish (will retry until enabled)...
[2026-05-11 19:51:58] [+] Publish button clicked!
[2026-05-11 19:51:58] [✅] Task submitted to browser. Leaving it OPEN to complete background upload...
[2026-05-11 19:57:05] [*] Starting Douyin upload for: FNATIC vs Team Heretics - HIGHLIGHTS _ VCT 2026_ EMEA Stage 1
[2026-05-11 19:57:06] [*] Navigating to Douyin upload page...
[2026-05-11 19:57:13] [*] Locating and triggering upload...
[2026-05-11 19:57:18] [*] Video file selected. Starting data entry immediately...
[2026-05-11 19:57:18] [*] Setting title and cover immediately...
[2026-05-11 19:57:23] [+] Title set.
[2026-05-11 19:57:23] [*] Attempting to set cover...
[2026-05-11 19:57:33] [!] Warning: Could not set cover: Page.wait_for_selector: Timeout 10000ms exceeded.
Call log:
  - waiting for locator("text=上传封面") to be visible

[2026-05-11 19:57:33] [*] Attempting to click publish (will retry until enabled)...
[2026-05-11 19:57:33] [+] Publish button clicked!
[2026-05-11 19:57:33] [✅] Task submitted to browser. Leaving it OPEN to complete background upload...
[2026-05-11 20:54:17] [-] Douyin upload failed: Page.wait_for_timeout: Target page, context or browser has been closed
[2026-05-11 20:54:18] [-] Douyin upload failed: Page.wait_for_timeout: Target page, context or browser has been closed
[2026-05-11 21:06:38] [-] Douyin upload failed: Page.wait_for_timeout: Target page, context or browser has been closed
[2026-05-16 07:55:39] [*] Starting Douyin upload for: Global Esports vs FULL SENSE - HIGHLIGHTS _ VCT 2026_ Pacific Stage 1
[2026-05-16 07:55:55] [*] Navigating to Douyin upload page...
[2026-05-16 07:56:02] [*] Locating and triggering upload...
[2026-05-16 07:56:08] [*] Video file selected. Starting data entry immediately...
[2026-05-16 07:56:08] [*] Setting title and cover immediately...
[2026-05-16 07:56:14] [+] Title set.
[2026-05-16 07:56:14] [*] Attempting to click publish (will retry until enabled)...
[2026-05-16 07:56:14] [+] Publish button clicked!
[2026-05-16 07:56:14] [✅] Task submitted to browser. Leaving it OPEN to complete background upload...
[2026-05-16 07:58:40] [*] Starting Douyin upload for: Global Esports vs FULL SENSE - HIGHLIGHTS _ VCT 2026_ Pacific Stage 1
[2026-05-16 07:58:41] [*] Navigating to Douyin upload page...
[2026-05-16 07:58:47] [*] Locating and triggering upload...
[2026-05-16 07:58:52] [*] Video file selected. Starting data entry immediately...
[2026-05-16 07:58:52] [*] Setting title and cover immediately...
[2026-05-16 07:58:58] [+] Title set.
[2026-05-16 07:58:58] [*] Attempting to set cover...
[2026-05-16 07:59:08] [!] Warning: Could not set cover: Page.wait_for_selector: Timeout 10000ms exceeded.
Call log:
  - waiting for locator("text=上传封面") to be visible

[2026-05-16 07:59:08] [*] Attempting to click publish (will retry until enabled)...
[2026-05-16 07:59:08] [+] Publish button clicked!
[2026-05-16 07:59:08] [✅] Task submitted to browser. Leaving it OPEN to complete background upload...
[2026-05-16 07:59:09] [-] Douyin upload failed: Page.wait_for_timeout: Target page, context or browser has been closed
[2026-05-16 08:08:43] [-] Douyin upload failed: Page.wait_for_timeout: Target page, context or browser has been closed
[2026-05-16 08:10:09] [*] Starting Douyin upload for: G2 vs 100 Thieves - HIGHLIGHTS _ VCT 2026_ Americas Stage 1
[2026-05-16 08:10:11] [*] Navigating to Douyin upload page...
[2026-05-16 08:10:28] [*] Locating and triggering upload...
[2026-05-16 08:10:33] [*] Video file selected. Starting data entry immediately...
[2026-05-16 08:10:33] [*] Setting title and cover immediately...
[2026-05-16 08:10:39] [+] Title set.
[2026-05-16 08:10:39] [*] Attempting to set cover...
[2026-05-16 08:10:49] [!] Warning: Could not set cover: Page.wait_for_selector: Timeout 10000ms exceeded.
Call log:
  - waiting for locator("text=上传封面") to be visible

[2026-05-16 08:10:49] [*] Attempting to click publish (will retry until enabled)...
[2026-05-16 08:10:49] [+] Publish button clicked!
[2026-05-16 08:10:49] [✅] Task submitted to browser. Leaving it OPEN to complete background upload...
[2026-05-16 08:14:25] [*] Starting Douyin upload for: LEVIATAN vs FURIA - HIGHLIGHTS _ VCT 2026_ Americas Stage 1
[2026-05-16 08:14:43] [*] Navigating to Douyin upload page...
[2026-05-16 08:14:55] [*] Locating and triggering upload...
[2026-05-16 08:15:00] [*] Video file selected. Starting data entry immediately...
[2026-05-16 08:15:00] [*] Setting title and cover immediately...
[2026-05-16 08:15:07] [+] Title set.
[2026-05-16 08:15:07] [*] Attempting to set cover...
[2026-05-16 08:15:17] [!] Warning: Could not set cover: Page.wait_for_selector: Timeout 10000ms exceeded.
Call log:
  - waiting for locator("text=上传封面") to be visible

[2026-05-16 08:15:17] [*] Attempting to click publish (will retry until enabled)...
[2026-05-16 08:15:17] [+] Publish button clicked!
[2026-05-16 08:15:17] [✅] Task submitted to browser. Leaving it OPEN to complete background upload...
[2026-05-16 08:19:40] [*] Starting Douyin upload for: Paper Rex vs T1 - HIGHLIGHTS _ VCT 2026_ Pacific Stage 1
[2026-05-16 08:19:41] [*] Navigating to Douyin upload page...
[2026-05-16 08:19:47] [*] Locating and triggering upload...
[2026-05-16 08:19:52] [*] Video file selected. Starting data entry immediately...
[2026-05-16 08:19:52] [*] Setting title and cover immediately...
[2026-05-16 08:19:57] [+] Title set.
[2026-05-16 08:19:57] [*] Attempting to set cover...
[2026-05-16 08:20:07] [!] Warning: Could not set cover: Page.wait_for_selector: Timeout 10000ms exceeded.
Call log:
  - waiting for locator("text=上传封面") to be visible

[2026-05-16 08:20:07] [*] Attempting to click publish (will retry until enabled)...
[2026-05-16 08:20:08] [+] Publish button clicked!
[2026-05-16 08:20:08] [✅] Task submitted to browser. Leaving it OPEN to complete background upload...
[2026-05-16 08:20:40] [-] Douyin upload failed: Page.wait_for_timeout: Target page, context or browser has been closed
