[2026-05-18 20:28:33] [*] [douyin] Starting asynchronous upload: 100 Thieves vs MIBR - HIGHLIGHTS _ VCT 2026_ Americas Stage 1
[2026-05-18 20:28:33] [*] [bili] Starting asynchronous upload: 100 Thieves vs MIBR - HIGHLIGHTS _ VCT 2026_ Americas Stage 1
[2026-05-18 20:28:33] [*] Waiting for 2 concurrent upload(s) to finish...
[2026-05-18 20:28:33] [-] [douyin] Upload failed (Exit code: 2). Check logs/upload_douyin.log
[2026-05-18 20:28:33] [-] [bili] Upload failed (Exit code: 2). Check logs/upload_bili.log
[2026-05-18 20:28:33] [*] Sleeping for 60 seconds...
[2026-05-18 20:29:33] [*] [douyin] Starting asynchronous upload: 100 Thieves vs MIBR - HIGHLIGHTS _ VCT 2026_ Americas Stage 1
[2026-05-18 20:29:33] [*] [bili] Starting asynchronous upload: 100 Thieves vs MIBR - HIGHLIGHTS _ VCT 2026_ Americas Stage 1
[2026-05-18 20:29:33] [*] Waiting for 2 concurrent upload(s) to finish...
[2026-05-18 20:29:34] [-] [douyin] Upload failed (Exit code: 2). Check logs/upload_douyin.log
[2026-05-18 20:29:34] [-] [bili] Upload failed (Exit code: 2). Check logs/upload_bili.log
[2026-05-18 20:29:34] [*] Sleeping for 60 seconds...
[2026-05-18 20:30:34] [*] [douyin] Starting asynchronous upload: 100 Thieves vs MIBR - HIGHLIGHTS _ VCT 2026_ Americas Stage 1
[2026-05-18 20:30:34] [*] [bili] Starting asynchronous upload: 100 Thieves vs MIBR - HIGHLIGHTS _ VCT 2026_ Americas Stage 1
[2026-05-18 20:30:34] [*] Waiting for 2 concurrent upload(s) to finish...
[2026-05-18 20:30:34] [-] [douyin] Upload failed (Exit code: 2). Check logs/upload_douyin.log
[2026-05-18 20:30:34] [-] [bili] Upload failed (Exit code: 2). Check logs/upload_bili.log
[2026-05-18 20:30:34] [*] Sleeping for 60 seconds...
[2026-05-18 20:31:34] [*] [douyin] Starting asynchronous upload: 100 Thieves vs MIBR - HIGHLIGHTS _ VCT 2026_ Americas Stage 1
[2026-05-18 20:31:34] [*] [bili] Starting asynchronous upload: 100 Thieves vs MIBR - HIGHLIGHTS _ VCT 2026_ Americas Stage 1
[2026-05-18 20:31:34] [*] Waiting for 2 concurrent upload(s) to finish...
[2026-05-18 20:31:34] [-] [douyin] Upload failed (Exit code: 2). Check logs/upload_douyin.log
[2026-05-18 20:31:34] [-] [bili] Upload failed (Exit code: 2). Check logs/upload_bili.log
[2026-05-18 20:31:34] [*] Sleeping for 60 seconds...
